
user@DESKTOP-HC3JL8U MINGW64 ~/Desktop/gitProject (master) //guncel branchleri göstericektir.
$ git branch
* master


user@DESKTOP-HC3JL8U MINGW64 ~/Desktop/gitProject (master)
$ git branch feature
yeni bir branch olusturuldu.

user@DESKTOP-HC3JL8U MINGW64 ~/Desktop/gitProject (master)
$ git branch
  feature
* master

burada da contol ettik evet olusturuldu. hala daha masterdayız ynında yıldız var.

user@DESKTOP-HC3JL8U MINGW64 ~/Desktop/gitProject (master)
$ git switch feature
Switched to branch 'feature'
M       mergegit.txt


user@DESKTOP-HC3JL8U MINGW64 ~/Desktop/gitProject (feature)
$ git branch
* feature

git switch geçisyapılacakbranch_adı bu sayada diğer branch e geçtiğimiz de yukarıda görulmustur.

user@DESKTOP-HC3JL8U MINGW64 ~/Desktop/gitProject (feature)
$ touch featurebranchin.txt

user@DESKTOP-HC3JL8U MINGW64 ~/Desktop/gitProject (feature)
$ git add .

user@DESKTOP-HC3JL8U MINGW64 ~/Desktop/gitProject (feature)
$ git commit -m "feature branch ile dosya olusturuldu içeriği yazıldı ve ilk commit yapılıyor."
[feature a8c9fcd] feature branch ile dosya olusturuldu içeriği yazıldı ve ilk commit yapılıyor.
 2 files changed, 40 insertions(+)
 create mode 100644 featurebranchin.txt


user@DESKTOP-HC3JL8U MINGW64 ~/Desktop/gitProject (feature)
$ git log
commit a8c9fcd49dbbb6560f54b6015d0a5e9079dc2b15 (HEAD -> feature)
Author: Usame Yilmaz <usame.kasibeyaz@gmail.com>
Date:   Thu Dec 28 16:55:39 2023 +0300

    feature branch ile dosya olusturuldu içeriği yazıldı ve ilk commit yapılıyor.

commit 57749ddaa66312399e7e09e0f7d568a2b3417a29 (master)
Author: Usame Yilmaz <usame.kasibeyaz@gmail.com>
Date:   Thu Dec 28 16:49:52 2023 +0300

    master branchde ikinci ilerleme yapıldı dosya içeriği değiştirildi ve bir dosya daha eklenmiştir.

commit 5903367a2ae4d0c6d5c1ec9c9ae660139d26e79a
Author: Usame Yilmaz <usame.kasibeyaz@gmail.com>
Date:   Thu Dec 28 16:47:49 2023 +0300

    dosya olusturuldu içeriği yazıldı eklendi ve commit ediliyor



user@DESKTOP-HC3JL8U MINGW64 ~/Desktop/gitProject (feature)
$ git branch
* feature
  master

user@DESKTOP-HC3JL8U MINGW64 ~/Desktop/gitProject (feature)
$ git switch master
Switched to branch 'master'


******mfeature branchden master branche geçtiğimiz zaman feature branch de ilerlediğimiz 
olusturudugumuz dosya olan featurebranchin.txt dosyası su anda içeriisnde bulundugumuz
klasor içeirisde artık gorunmemektedir.******



**feature branch acılıp yeni bir klasör olusturulmustu daha sonrasında 
tekrardan su anda master branche geçtik ve tekrardan commit atılacaktır.

user@DESKTOP-HC3JL8U MINGW64 ~/Desktop/gitProject (master)
$ git add .

user@DESKTOP-HC3JL8U MINGW64 ~/Desktop/gitProject (master)
$ git commit -m "master branche tekrardan gecildi firstdocumente değisiklik yapıldı ve commit atılıyor."
[master 54bdbdb] master branche tekrardan gecildi firstdocumente değisiklik yapıldı ve commit atılıyor.
 2 files changed, 96 insertions(+), 1 deletion(-)

user@DESKTOP-HC3JL8U MINGW64 ~/Desktop/gitProject (master)
$ git log
commit 54bdbdb65031e40de3acd0729520d7f6ce28b592 (HEAD -> master)
Author: Usame Yilmaz <usame.kasibeyaz@gmail.com>
Date:   Thu Dec 28 17:02:32 2023 +0300

    master branche tekrardan gecildi firstdocumente değisiklik yapıldı ve commit atılıyor.

commit 57749ddaa66312399e7e09e0f7d568a2b3417a29
Author: Usame Yilmaz <usame.kasibeyaz@gmail.com>
Date:   Thu Dec 28 16:49:52 2023 +0300

    master branchde ikinci ilerleme yapıldı dosya içeriği değiştirildi ve bir dosya daha eklenmiştir.

commit 5903367a2ae4d0c6d5c1ec9c9ae660139d26e79a
Author: Usame Yilmaz <usame.kasibeyaz@gmail.com>
Date:   Thu Dec 28 16:47:49 2023 +0300

    dosya olusturuldu içeriği yazıldı eklendi ve commit ediliyor



simdi bu durumda sora ikinci kez proje de buraya değişiklik yani masterda değişiklijk yapılıyor. 
tekrardan bunu ekleyip commit edilecektir.

/* ****************************************************
user@DESKTOP-HC3JL8U MINGW64 ~/Desktop/gitProject (master)
$ git status
On branch master
Changes not staged for commit:
  (use "git add <file>..." to update what will be committed)
  (use "git restore <file>..." to discard changes in working directory)
        modified:   firstdocument.txt
        modified:   mergegit.txt

no changes added to commit (use "git add" and/or "git commit -a")

user@DESKTOP-HC3JL8U MINGW64 ~/Desktop/gitProject (master)
$ git add .

user@DESKTOP-HC3JL8U MINGW64 ~/Desktop/gitProject (master)
$ git commit -m "master branchde 2. kez değişiklik yapıldı ve commit ediliyor."
[master 7059958] master branchde 2. kez değişiklik yapıldı ve commit ediliyor.
 2 files changed, 36 insertions(+)

user@DESKTOP-HC3JL8U MINGW64 ~/Desktop/gitProject (master)
$ git log
commit 7059958c93a4097cc212495c316483971e2138cb (HEAD -> master)
Author: Usame Yilmaz <usame.kasibeyaz@gmail.com>
Date:   Thu Dec 28 17:04:42 2023 +0300

    master branchde 2. kez değişiklik yapıldı ve commit ediliyor.

commit 54bdbdb65031e40de3acd0729520d7f6ce28b592
Author: Usame Yilmaz <usame.kasibeyaz@gmail.com>
Date:   Thu Dec 28 17:02:32 2023 +0300

    master branche tekrardan gecildi firstdocumente değisiklik yapıldı ve commit atılıyor.

commit 57749ddaa66312399e7e09e0f7d568a2b3417a29
Author: Usame Yilmaz <usame.kasibeyaz@gmail.com>
Date:   Thu Dec 28 16:49:52 2023 +0300

    master branchde ikinci ilerleme yapıldı dosya içeriği değiştirildi ve bir dosya daha eklenmiştir.

commit 5903367a2ae4d0c6d5c1ec9c9ae660139d26e79a
Author: Usame Yilmaz <usame.kasibeyaz@gmail.com>
Date:   Thu Dec 28 16:47:49 2023 +0300

    dosya olusturuldu içeriği yazıldı eklendi ve commit ediliyor

*/ ****************************************************


***
user@DESKTOP-HC3JL8U MINGW64 ~/Desktop/gitProject (master)
$ git switch feature
error: Your local changes to the following files would be overwritten by checkout:
        mergegit.txt
Please commit your changes or stash them before you switch branches.
Aborting
user@DESKTOP-HC3JL8U MINGW64 ~/Desktop/gitProject (master)
$ git add .
user@DESKTOP-HC3JL8U MINGW64 ~/Desktop/gitProject (master)
$ git status
On branch master
Changes to be committed:
  (use "git restore --staged <file>..." to unstage)
        modified:   mergegit.txt
user@DESKTOP-HC3JL8U MINGW64 ~/Desktop/gitProject (master)
$ git commit -m "master branchde 2. kez değişiklik yapıldı ve commit ediliyor. değisiklikden dolayı diğer brache gecilemedi tekradan commit edilmek zorunda kalındı"
[master 7cca4b5] master branchde 2. kez değişiklik yapıldı ve commit ediliyor. değisiklikden dolayı diğer brache gecilemedi tekradan commit edilmek zorunda kalındı
 1 file changed, 46 insertions(+)
user@DESKTOP-HC3JL8U MINGW64 ~/Desktop/gitProject (master)
$ git switch feature
Switched to branch 'feature'

***
user@DESKTOP-HC3JL8U MINGW64 ~/Desktop/gitProject (feature)
$ git switch master
Switched to branch 'master'
user@DESKTOP-HC3JL8U MINGW64 ~/Desktop/gitProject (master)
$ git merge feature -m "feature branch master branche artık birleştireceğimiz icin master branche girdik burada iken bunu yapıyoruz."
Auto-merging mergegit.txt
CONFLICT (content): Merge conflict in mergegit.txt
Automatic merge failed; fix conflicts and then commit the result.
***










